// Jest Snapshot v1, https://goo.gl/fbAQLP

exports[`Input component should render component correctly 1`] = `
<View
  style={
    [
      {
        "alignItems": "flex-start",
        "backgroundColor": "#FFFFFF",
        "justifyContent": "center",
        "width": "100%",
      },
    ]
  }
>
  <Text
    style={
      [
        {
          "color": "#000000",
        },
        {
          "color": "#707683",
          "fontSize": 18,
        },
      ]
    }
  >
    Test Input
  </Text>
  <View
    style={
      [
        {
          "alignItems": "center",
          "borderColor": "#707683",
          "borderRadius": 4,
          "borderStyle": "solid",
          "borderWidth": 1,
          "flexDirection": "row",
          "minHeight": 48,
          "width": "100%",
        },
      ]
    }
  >
    <TextInput
      style={
        [
          {
            "color": "#000000",
            "flexBasis": 0,
            "flexGrow": 1,
            "flexShrink": 1,
            "paddingBottom": 8,
            "paddingLeft": 16,
            "paddingRight": 16,
            "paddingTop": 8,
          },
        ]
      }
      testID="field"
    />
  </View>
</View>
`;
